filepath,filename,md5
test_content/file.txt,file.txt,7d52c7437e9af58dac029dd11b1024df
test_content/.hidden_dir/file.txt,file.txt,7d52c7437e9af58dac029dd11b1024df
test_content/dir/file.txt,file.txt,7d52c7437e9af58dac029dd11b1024df
