filepath,filename,md5
example_content/dir/file.txt,file.txt,7d52c7437e9af58dac029dd11b1024df
